// Jest Snapshot v1, https://goo.gl/fbAQLP

exports[`testing Home 1`] = `
<BrowserRouter>
  <div
    className="container home"
  >
    <h3>
      Questions
    </h3>
    <Route
      component={[Function]}
      path="/"
    />
  </div>
</BrowserRouter>
`;
