// Jest Snapshot v1, https://goo.gl/fbAQLP

exports[`testing Header 1`] = `
<div>
  <nav
    className="navbar navbar-expand-lg navbar-light bg-light nav"
  >
    <a
      className="navbar-brand logo"
      href="/"
    >
      Stark Over Flow Lite
    </a>
    <button
      aria-controls="navbarSupportedContent"
      aria-expanded="false"
      aria-label="Toggle navigation"
      className="navbar-toggler"
      data-target="#navbarSupportedContent"
      data-toggle="collapse"
      type="button"
    >
      <span
        className="navbar-toggler-icon"
      />
    </button>
    <div
      className="collapse navbar-collapse"
      id="navbarSupportedContent"
    >
      <ul
        className="navbar-nav mr-auto"
      >
        <li
          className="nav-item active"
        >
          <a
            className="nav-link"
            href="/"
          >
            Home
            <span
              className="sr-only"
            >
              (current)
            </span>
          </a>
        </li>
        <li
          className="nav-item"
        >
          <a
            className="nav-link"
            href="/login"
          >
            Login
          </a>
        </li>
        <li
          className="nav-item"
        >
          <a
            className="nav-link"
            href="/signup"
          >
            Sign Up
          </a>
        </li>
      </ul>
    </div>
  </nav>
</div>
`;
